------------------------------------
IRC Server list for April 15th, 1996
------------------------------------

EFnet IRC Servers
-----------------

irc.cerf.net            irc.cnde.iastate.edu    chat.btinternet.com
eff.org                 irc.ecn.uoknor.edu      irc.fi
irc.digex.net           irc.mo.net              irc.uib.no
irc.stanford.edu        irc.ecn.bgu.edu         irc.hitos.no
irc.aol.com             irc.colorado.edu        irc.pvv.unit.no
irc.uci.edu             irc.winternet.com       irc.ifi.uio.no
irc.frontiernet.net     irc.ilstu.edu           irc.powertech.no
irc.netcom.com          irc.cdc.net             sil.polytechnique.fr
irc.netcom.net.uk       irc.law.emory.edu       irc.enst.fr
irc.tw                  irc.umn.edu             IRC.Eurecom.FR
irc.caltech.edu         irc.magic.mb.ca         irc.Univ-Lyon1.FR
irc.blackened.com       portal.mbnet.mb.ca      irc.wu-wien.ac.at
irc.best.net            irc.cs.mun.ca           uni-linz.ac.at
irc.bridge.net          irc.ais.net             itc.univie.ac.at
irc.ibm.net.il          irc2.ais.net            sunsite.auc.dk
irc.ac.il               irc.mcs.net             irc.nijenrode.nl
irc.voicenet.com        irc.io.org              irc.sci.kun.nl
irc.cs.rpi.edu          irc.calpoly.edu         irc.ic.ac.uk
irc.primenet.com        irc.rutgers.edu         irc.abdn.ac.uk
irc.portal.com          irc-2.texas.net         serv.cs.man.ac.uk
irc.columbia.edu        piglet.cc.utexas.edu    irc.be
irc.texas.net           anarchy.tamu.edu        dismayl.demon.co.uk
irc.phoenix.net         irc2.magic.ca           irc.it
irc.ionet.net           irc.vianet.on.ca        irc.span.ch
irc.neosoft.com         irc.stealth.net         irc.si
irc.gate.net            irc.pitt.edu            irc.felk.cvut.cz
irc2.uiuc.edu           joyce.eng.yale.edu      irc.cis.vutbr.cz
irc.cris.com            azure.acsu.buffalo.edu  irc.xs4all.nl
irc.umich.edu           irc.usa.pipeline.com    irc.ru
irc.mcgill.ca           irc.jp                  irc.isnet.is
elk.nstn.ca             irc.se                  irc.mimuw.edu.pl
irc.yorku.ca            irc.bt.net              irc.lublin.pl
irc.epix.net            irc.easynet.co.uk       irc.agh.edu.pl
irc.uiuc.edu            london.uk.pi.net        irc.put.poznan.pl


DALnet Servers
--------------

phoenix.tx.us.dal.net   davis-2.ca.us.dal.net    glass.oh.us.dal.net
toronto.on.ca.dal.net   davis.ca.us.dal.net      toronto2.on.ca.dal.net
igc.fl.us.dal.net       rutgers.nj.us.dal.net    mis.ky.us.dal.net
services.dal.net        cin.il.us.dal.net        mindijari.ca.us.dal.net
groucho.ca.us.dal.net   skypoint.mn.us.dal.net   xgw.fi.dal.net
dragon.ut.us.dal.net    ohana.hi.us.dal.net      usd.sd.us.dal.net
uncc.nc.us.dal.net      megasoft.wa.us.dal.net   liberator.uk.dal.net
zhaneel.ia.us.dal.net


Undernet Servers
----------------

montreal.qu.ca.undernet.org     ann-arbor.mi.us.undernet.org
Chicago.IL.US.Undernet.org      washington-r.dc.us.undernet.org
Chicago-1.IL.US.Undernet.org    SanDiego.CA.US.Undernet.org
Vancouver.BC.CA.Undernet.Org    washington.dc.us.undernet.org
channels.undernet.org           washington-1.dc.us.undernet.org
Uworld2.undernet.org            washington-2.dc.us.undernet.org
London.Uk.eu.Undernet.org       washington-3.dc.us.undernet.org
joplin.mo.us.undernet.org       washington-4.dc.us.undernet.org
Manhattan.KS.US.Undernet.Org    washington-8.dc.us.undernet.org
Austin.TX.US.UnderNET.ORG       washington-7.dc.us.undernet.org
Blacksburg.VA.US.Undernet.Org   washington-6.dc.us.undernet.org
StLouis.MO.US.UnderNet.org      washington-5.dc.us.undernet.org
lowell.ma.us.undernet.org       Santiago.CL.undernet.org
auckland.nz.undernet.org        Pittsburgh.PA.US.undernet.org
toronto.on.ca.undernet.org      Amsterdam.NL.EU.undernet.org
hamilton.on.ca.undernet.org     Espoo.Fi.Eu.UnderNet.Org
SanJose.CA.US.Undernet.Org      Ljubljana.Si.Eu.undernet.org
Norman.OK.US.undernet.org       Caen.Fr.Eu.UnderNet.org
okc.ok.us.undernet.org          Lulea.se.eu.undernet.org
channels2.undernet.org          Diemen.NL.EU.undernet.org
Uworld.undernet.org             phoenix.az.us.undernet.org
